D:\minibench\scgra-sobel\scgra5x5-1k\scgra5x5-1k.runs\impl_1\base_sys_stub.edf 1407147460
D:\minibench\scgra-sobel\scgra5x5-1k\scgra5x5-1k.runs\impl_1\xbip_multadd_v2_0_xst_NO5_blk00000001.edn 1407147461
D:\minibench\scgra-sobel\scgra5x5-1k\scgra5x5-1k.runs\impl_1\xbip_multadd_v2_0_xst_NO16_blk00000001.edn 1407147461
D:\minibench\scgra-sobel\scgra5x5-1k\scgra5x5-1k.runs\impl_1\xbip_multadd_v2_0_xst_NO8_blk00000001.edn 1407147461
D:\minibench\scgra-sobel\scgra5x5-1k\scgra5x5-1k.runs\impl_1\xbip_multadd_v2_0_xst_NO19_blk00000001.edn 1407147461
D:\minibench\scgra-sobel\scgra5x5-1k\scgra5x5-1k.runs\impl_1\xbip_multadd_v2_0_xst_NO22_blk00000001.edn 1407147460
D:\minibench\scgra-sobel\scgra5x5-1k\scgra5x5-1k.runs\impl_1\xbip_multadd_v2_0_xst_NO9_blk00000001.edn 1407147460
D:\minibench\scgra-sobel\scgra5x5-1k\scgra5x5-1k.runs\impl_1\xbip_multadd_v2_0_xst_blk00000001.edn 1407147460
D:\minibench\scgra-sobel\scgra5x5-1k\scgra5x5-1k.runs\impl_1\xbip_multadd_v2_0_xst_NO12_blk00000001.edn 1407147460
D:\minibench\scgra-sobel\scgra5x5-1k\scgra5x5-1k.runs\impl_1\xbip_multadd_v2_0_xst_NO4_blk00000001.edn 1407147460
D:\minibench\scgra-sobel\scgra5x5-1k\scgra5x5-1k.runs\impl_1\xbip_multadd_v2_0_xst_NO15_blk00000001.edn 1407147460
D:\minibench\scgra-sobel\scgra5x5-1k\scgra5x5-1k.runs\impl_1\xbip_multadd_v2_0_xst_NO7_blk00000001.edn 1407147460
D:\minibench\scgra-sobel\scgra5x5-1k\scgra5x5-1k.runs\impl_1\xbip_multadd_v2_0_xst_NO18_blk00000001.edn 1407147460
D:\minibench\scgra-sobel\scgra5x5-1k\scgra5x5-1k.runs\impl_1\xbip_multadd_v2_0_xst_NO21_blk00000001.edn 1407147460
D:\minibench\scgra-sobel\scgra5x5-1k\scgra5x5-1k.runs\impl_1\xbip_multadd_v2_0_xst.edn 1407147460
D:\minibench\scgra-sobel\scgra5x5-1k\scgra5x5-1k.runs\impl_1\xbip_multadd_v2_0_xst_NO11_blk00000001.edn 1407147460
D:\minibench\scgra-sobel\scgra5x5-1k\scgra5x5-1k.runs\impl_1\xbip_multadd_v2_0_xst_NO3_blk00000001.edn 1407147460
D:\minibench\scgra-sobel\scgra5x5-1k\scgra5x5-1k.runs\impl_1\xbip_multadd_v2_0_xst_NO14_blk00000001.edn 1407147460
D:\minibench\scgra-sobel\scgra5x5-1k\scgra5x5-1k.runs\impl_1\xbip_multadd_v2_0_xst_NO6_blk00000001.edn 1407147460
D:\minibench\scgra-sobel\scgra5x5-1k\scgra5x5-1k.runs\impl_1\xbip_multadd_v2_0_xst_NO17_blk00000001.edn 1407147460
D:\minibench\scgra-sobel\scgra5x5-1k\scgra5x5-1k.runs\impl_1\xbip_multadd_v2_0_xst_NO20_blk00000001.edn 1407147460
D:\minibench\scgra-sobel\scgra5x5-1k\scgra5x5-1k.runs\impl_1\xbip_multadd_v2_0_xst_NO23_blk00000001.edn 1407147460
D:\minibench\scgra-sobel\scgra5x5-1k\scgra5x5-1k.runs\impl_1\xbip_multadd_v2_0_xst_NO10_blk00000001.edn 1407147460
D:\minibench\scgra-sobel\scgra5x5-1k\scgra5x5-1k.runs\impl_1\xbip_multadd_v2_0_xst_NO2_blk00000001.edn 1407147460
D:\minibench\scgra-sobel\scgra5x5-1k\scgra5x5-1k.runs\impl_1\xbip_multadd_v2_0_xst_NO1_blk00000001.edn 1407147460
D:\minibench\scgra-sobel\scgra5x5-1k\scgra5x5-1k.runs\impl_1\xbip_multadd_v2_0_xst_NO13_blk00000001.edn 1407147460
OK
